// Jest Snapshot v1, https://goo.gl/fbAQLP

exports[`Should render FlexContainer component 1`] = `[Function]`;
