// Jest Snapshot v1, https://goo.gl/fbAQLP

exports[`Should render Login component 1`] = `[Function]`;
